AR udp_tx_mux rtl /home/pirovaldes/Data/Documents/apps/MobiDICK_05_ML507/src/include/ipbus/udp_tx_mux.vhd sub00/vhpl49 1433374656
AR udp_do_rx_reset rtl /home/pirovaldes/Data/Documents/apps/MobiDICK_05_ML507/src/include/ipbus/udp_do_rx_reset.vhd sub00/vhpl31 1433374638
EN hamming_encoder_8bit NULL /home/pirovaldes/Data/Documents/apps/MobiDICK_05_ML507/src/hamm8.vhdl sub00/vhpl54 1433374663
AR transactor_cfg rtl /home/pirovaldes/Data/Documents/apps/MobiDICK_05_ML507/src/include/ipbus/transactor_cfg.vhd sub00/vhpl11 1433374618
AR ttc ttc_design /home/pirovaldes/Data/Documents/apps/MobiDICK_05_ML507/src/ttc.vhd sub00/vhpl92 1433374708
AR udp_dualportram initial /home/pirovaldes/Data/Documents/apps/MobiDICK_05_ML507/src/include/ipbus/udp_dualportram.vhd sub00/vhpl37 1433374644
EN ttc_addressed_cmd NULL /home/pirovaldes/Data/Documents/apps/MobiDICK_05_ML507/src/addr_cmd.vhdl sub01/vhpl104 1433374691
EN reset_manager NULL /home/pirovaldes/Data/Documents/apps/MobiDICK_05_ML507/src/reset_manager.vhd sub00/vhpl86 1433374703
EN ipbus_ctrl NULL /home/pirovaldes/Data/Documents/apps/MobiDICK_05_ML507/src/include/ipbus/ipbus_ctrl.vhd sub00/vhpl95 1433374711
AR udp_build_ping rtl /home/pirovaldes/Data/Documents/apps/MobiDICK_05_ML507/src/include/ipbus/udp_build_ping.vhd sub00/vhpl21 1433374628
AR transactor_if rtl /home/pirovaldes/Data/Documents/apps/MobiDICK_05_ML507/src/include/ipbus/transactor_if.vhd sub00/vhpl07 1433374614
EN slaves NULL /home/pirovaldes/Data/Documents/apps/MobiDICK_05_ML507/src/slaves.vhd sub00/vhpl97 1433374713
EN udp_build_status NULL /home/pirovaldes/Data/Documents/apps/MobiDICK_05_ML507/src/include/ipbus/udp_build_status.vhd sub00/vhpl24 1433374631
EN ipbus_ram NULL /home/pirovaldes/Data/Documents/apps/MobiDICK_05_ML507/src/include/slaves/ipbus_ram.vhd sub00/vhpl64 1433374675
EN udp_byte_sum NULL /home/pirovaldes/Data/Documents/apps/MobiDICK_05_ML507/src/include/ipbus/udp_byte_sum.vhd sub00/vhpl28 1433374635
AR ipbus_ctrl rtl /home/pirovaldes/Data/Documents/apps/MobiDICK_05_ML507/src/include/ipbus/ipbus_ctrl.vhd sub00/vhpl96 1433374712
EN udp_tx_mux NULL /home/pirovaldes/Data/Documents/apps/MobiDICK_05_ML507/src/include/ipbus/udp_tx_mux.vhd sub00/vhpl48 1433374655
AR udp_txtransactor_if simple /home/pirovaldes/Data/Documents/apps/MobiDICK_05_ML507/src/include/ipbus/udp_txtransactor_if_simple.vhd sub00/vhpl51 1433374658
EN udp_status_buffer NULL /home/pirovaldes/Data/Documents/apps/MobiDICK_05_ML507/src/include/ipbus/udp_status_buffer.vhd sub00/vhpl26 1433374633
AR udp_rxram_shim simple /home/pirovaldes/Data/Documents/apps/MobiDICK_05_ML507/src/include/ipbus/udp_rxram_shim.vhd sub00/vhpl41 1433374648
EN udp_dualportram NULL /home/pirovaldes/Data/Documents/apps/MobiDICK_05_ML507/src/include/ipbus/udp_dualportram.vhd sub00/vhpl36 1433374643
EN hamming_encoder_32bit NULL /home/pirovaldes/Data/Documents/apps/MobiDICK_05_ML507/src/hamm32.vhdl sub01/vhpl102 1433374661
AR udp_status_buffer rtl /home/pirovaldes/Data/Documents/apps/MobiDICK_05_ML507/src/include/ipbus/udp_status_buffer.vhd sub00/vhpl27 1433374634
AR ipbus_ctrlreg rtl /home/pirovaldes/Data/Documents/apps/MobiDICK_05_ML507/src/include/slaves/ipbus_ctrlreg.vhd sub00/vhpl59 1433374672
EN trans_arb NULL /home/pirovaldes/Data/Documents/apps/MobiDICK_05_ML507/src/include/ipbus/trans_arb.vhd sub00/vhpl70 1433374681
EN ipbus_reg NULL /home/pirovaldes/Data/Documents/apps/MobiDICK_05_ML507/src/include/slaves/ipbus_reg.vhd sub00/vhpl60 1433374669
AR gtxf_tile rtl /home/pirovaldes/Data/Documents/apps/MobiDICK_05_ML507/src/include/gtfx/gtxf_tile.vhd sub00/vhpl77 1433374688
AR udp_ipaddr_block rtl /home/pirovaldes/Data/Documents/apps/MobiDICK_05_ML507/src/include/ipbus/udp_ipaddr_block.vhd sub00/vhpl13 1433374620
EN udp_do_rx_reset NULL /home/pirovaldes/Data/Documents/apps/MobiDICK_05_ML507/src/include/ipbus/udp_do_rx_reset.vhd sub00/vhpl30 1433374637
AR ipbus_mobidick_reg rtl /home/pirovaldes/Data/Documents/apps/MobiDICK_05_ML507/src/include/ipbus_mobidick_reg.vhd sub01/vhpl109 1433374668
EN ipbus_ctrlreg NULL /home/pirovaldes/Data/Documents/apps/MobiDICK_05_ML507/src/include/slaves/ipbus_ctrlreg.vhd sub00/vhpl58 1433374671
AR ipbus_ram rtl /home/pirovaldes/Data/Documents/apps/MobiDICK_05_ML507/src/include/slaves/ipbus_ram.vhd sub00/vhpl65 1433374676
EN udp_rxtransactor_if NULL /home/pirovaldes/Data/Documents/apps/MobiDICK_05_ML507/src/include/ipbus/udp_rxtransactor_if_simple.vhd sub00/vhpl46 1433374653
EN ipbus_peephole_ram NULL /home/pirovaldes/Data/Documents/apps/MobiDICK_05_ML507/src/include/slaves/ipbus_peephole_ram.vhd sub00/vhpl66 1433374677
EN udp_buffer_selector NULL /home/pirovaldes/Data/Documents/apps/MobiDICK_05_ML507/src/include/ipbus/udp_buffer_selector.vhd sub00/vhpl38 1433374645
EN clock_pll NULL /home/pirovaldes/Data/Documents/apps/MobiDICK_05_ML507/src/include/clock/clock_pll.vhd sub00/vhpl84 1433374701
AR udp_build_payload rtl /home/pirovaldes/Data/Documents/apps/MobiDICK_05_ML507/src/include/ipbus/udp_build_payload.vhd sub00/vhpl19 1433374626
EN udp_build_ping NULL /home/pirovaldes/Data/Documents/apps/MobiDICK_05_ML507/src/include/ipbus/udp_build_ping.vhd sub00/vhpl20 1433374627
AR slaves rtl /home/pirovaldes/Data/Documents/apps/MobiDICK_05_ML507/src/slaves.vhd sub00/vhpl98 1433374714
AR udp_dualportram_rx striped /home/pirovaldes/Data/Documents/apps/MobiDICK_05_ML507/src/include/ipbus/udp_dualportram_rx.vhd sub00/vhpl43 1433374650
EN udp_rxram_shim NULL /home/pirovaldes/Data/Documents/apps/MobiDICK_05_ML507/src/include/ipbus/udp_rxram_shim.vhd sub00/vhpl40 1433374647
EN udp_if NULL /home/pirovaldes/Data/Documents/apps/MobiDICK_05_ML507/src/include/ipbus/udp_if_flat.vhd sub00/vhpl68 1433374679
AR udp_if flat /home/pirovaldes/Data/Documents/apps/MobiDICK_05_ML507/src/include/ipbus/udp_if_flat.vhd sub00/vhpl69 1433374680
AR stretcher rtl /home/pirovaldes/Data/Documents/apps/MobiDICK_05_ML507/src/include/ipbus/stretcher.vhd sub00/vhpl75 1433374686
AR udp_rxtransactor_if simple /home/pirovaldes/Data/Documents/apps/MobiDICK_05_ML507/src/include/ipbus/udp_rxtransactor_if_simple.vhd sub00/vhpl47 1433374654
EN gtxf NULL /home/pirovaldes/Data/Documents/apps/MobiDICK_05_ML507/src/include/gtfx/gtxf.vhd sub00/vhpl93 1433374709
AR trans_arb rtl /home/pirovaldes/Data/Documents/apps/MobiDICK_05_ML507/src/include/ipbus/trans_arb.vhd sub00/vhpl71 1433374682
PH ipbus_trans_decl NULL /home/pirovaldes/Data/Documents/apps/MobiDICK_05_ML507/src/include/ipbus/ipbus_trans_decl.vhd sub00/vhpl01 1433374608
EN transactor_if NULL /home/pirovaldes/Data/Documents/apps/MobiDICK_05_ML507/src/include/ipbus/transactor_if.vhd sub00/vhpl06 1433374613
AR clock_div rtl /home/pirovaldes/Data/Documents/apps/MobiDICK_05_ML507/src/include/clock/clock_div.vhd sub00/vhpl05 1433374612
PH mac_arbiter_decl NULL /home/pirovaldes/Data/Documents/apps/MobiDICK_05_ML507/src/include/ethernet/mac_arbiter_decl.vhd sub00/vhpl99 1433374698
AR ttc_addressed_cmd ttc_addr_cmd /home/pirovaldes/Data/Documents/apps/MobiDICK_05_ML507/src/addr_cmd.vhdl sub01/vhpl105 1433374692
EN ipbus_mobidick_reg NULL /home/pirovaldes/Data/Documents/apps/MobiDICK_05_ML507/src/include/ipbus_mobidick_reg.vhd sub01/vhpl108 1433374667
EN top NULL /home/pirovaldes/Data/Documents/apps/MobiDICK_05_ML507/src/top_ml507.vhd sub01/vhpl100 1433374715
AR gtxf rtl /home/pirovaldes/Data/Documents/apps/MobiDICK_05_ML507/src/include/gtfx/gtxf.vhd sub00/vhpl94 1433374710
AR top rtl /home/pirovaldes/Data/Documents/apps/MobiDICK_05_ML507/src/top_ml507.vhd sub01/vhpl101 1433374716
EN gtxf_tile NULL /home/pirovaldes/Data/Documents/apps/MobiDICK_05_ML507/src/include/gtfx/gtxf_tile.vhd sub00/vhpl76 1433374687
AR udp_build_resend rtl /home/pirovaldes/Data/Documents/apps/MobiDICK_05_ML507/src/include/ipbus/udp_build_resend.vhd sub00/vhpl23 1433374630
AR udp_byte_sum rtl /home/pirovaldes/Data/Documents/apps/MobiDICK_05_ML507/src/include/ipbus/udp_byte_sum.vhd sub00/vhpl29 1433374636
EN ttc NULL /home/pirovaldes/Data/Documents/apps/MobiDICK_05_ML507/src/ttc.vhd sub00/vhpl91 1433374707
EN udp_dualportram_rx NULL /home/pirovaldes/Data/Documents/apps/MobiDICK_05_ML507/src/include/ipbus/udp_dualportram_rx.vhd sub00/vhpl42 1433374649
EN ipbus_pkt_ctr NULL /home/pirovaldes/Data/Documents/apps/MobiDICK_05_ML507/src/include/slaves/ipbus_pkt_ctr.vhd sub00/vhpl62 1433374673
PH ipbus_addr_decode NULL /home/pirovaldes/Data/Documents/apps/MobiDICK_05_ML507/src/ipbus_addr_decode.vhd sub00/vhpl02 1433374609
AR udp_build_arp rtl /home/pirovaldes/Data/Documents/apps/MobiDICK_05_ML507/src/include/ipbus/udp_build_arp.vhd sub00/vhpl17 1433374624
EN udp_dualportram_tx NULL /home/pirovaldes/Data/Documents/apps/MobiDICK_05_ML507/src/include/ipbus/udp_dualportram_tx.vhd sub00/vhpl44 1433374651
AR ipbus_fabric rtl /home/pirovaldes/Data/Documents/apps/MobiDICK_05_ML507/src/include/ipbus/ipbus_fabric.vhd sub00/vhpl57 1433374666
EN v5_emac_v1_8 NULL /home/pirovaldes/Data/Documents/apps/MobiDICK_05_ML507/src/include/ethernet/v5_emac_v1_8.vhd sub00/vhpl80 1433374694
AR ipbus_reg rtl /home/pirovaldes/Data/Documents/apps/MobiDICK_05_ML507/src/include/slaves/ipbus_reg.vhd sub00/vhpl61 1433374670
EN ttc_broadcast_cmd NULL /home/pirovaldes/Data/Documents/apps/MobiDICK_05_ML507/src/brcst_cmd.vhdl sub00/vhpl78 1433374689
AR clock_pll behavioral /home/pirovaldes/Data/Documents/apps/MobiDICK_05_ML507/src/include/clock/clock_pll.vhd sub00/vhpl85 1433374702
AR ttc_broadcast_cmd ttc_brcst_cmd /home/pirovaldes/Data/Documents/apps/MobiDICK_05_ML507/src/brcst_cmd.vhdl sub00/vhpl79 1433374690
EN udp_build_arp NULL /home/pirovaldes/Data/Documents/apps/MobiDICK_05_ML507/src/include/ipbus/udp_build_arp.vhd sub00/vhpl16 1433374623
AR udp_clock_crossing_if rtl /home/pirovaldes/Data/Documents/apps/MobiDICK_05_ML507/src/include/ipbus/udp_clock_crossing_if.vhd sub00/vhpl53 1433374660
AR mac_fifo mac_fifo_a /home/pirovaldes/Data/Documents/apps/MobiDICK_05_ML507/src/ipcore/mac_fifo.vhd sub01/vhpl107 1433374697
AR ipbus_peephole_ram rtl /home/pirovaldes/Data/Documents/apps/MobiDICK_05_ML507/src/include/slaves/ipbus_peephole_ram.vhd sub00/vhpl67 1433374678
AR transactor_sm rtl /home/pirovaldes/Data/Documents/apps/MobiDICK_05_ML507/src/include/ipbus/transactor_sm.vhd sub00/vhpl09 1433374616
AR transactor rtl /home/pirovaldes/Data/Documents/apps/MobiDICK_05_ML507/src/include/ipbus/transactor.vhd sub00/vhpl73 1433374684
EN udp_ipaddr_block NULL /home/pirovaldes/Data/Documents/apps/MobiDICK_05_ML507/src/include/ipbus/udp_ipaddr_block.vhd sub00/vhpl12 1433374619
EN clock_div NULL /home/pirovaldes/Data/Documents/apps/MobiDICK_05_ML507/src/include/clock/clock_div.vhd sub00/vhpl04 1433374611
EN transactor_sm NULL /home/pirovaldes/Data/Documents/apps/MobiDICK_05_ML507/src/include/ipbus/transactor_sm.vhd sub00/vhpl08 1433374615
AR hamming_encoder_8bit hamm8 /home/pirovaldes/Data/Documents/apps/MobiDICK_05_ML507/src/hamm8.vhdl sub00/vhpl55 1433374664
EN ipbus_fabric NULL /home/pirovaldes/Data/Documents/apps/MobiDICK_05_ML507/src/include/ipbus/ipbus_fabric.vhd sub00/vhpl56 1433374665
AR v5_emac_v1_8 wrapper /home/pirovaldes/Data/Documents/apps/MobiDICK_05_ML507/src/include/ethernet/v5_emac_v1_8.vhd sub00/vhpl81 1433374695
AR ipbus_pkt_ctr rtl /home/pirovaldes/Data/Documents/apps/MobiDICK_05_ML507/src/include/slaves/ipbus_pkt_ctr.vhd sub00/vhpl63 1433374674
EN udp_rarp_block NULL /home/pirovaldes/Data/Documents/apps/MobiDICK_05_ML507/src/include/ipbus/udp_rarp_block.vhd sub00/vhpl14 1433374621
AR udp_rarp_block rtl /home/pirovaldes/Data/Documents/apps/MobiDICK_05_ML507/src/include/ipbus/udp_rarp_block.vhd sub00/vhpl15 1433374622
EN udp_rxram_mux NULL /home/pirovaldes/Data/Documents/apps/MobiDICK_05_ML507/src/include/ipbus/udp_rxram_mux.vhd sub00/vhpl34 1433374641
AR udp_rxram_mux rtl /home/pirovaldes/Data/Documents/apps/MobiDICK_05_ML507/src/include/ipbus/udp_rxram_mux.vhd sub00/vhpl35 1433374642
EN udp_build_resend NULL /home/pirovaldes/Data/Documents/apps/MobiDICK_05_ML507/src/include/ipbus/udp_build_resend.vhd sub00/vhpl22 1433374629
AR udp_build_status rtl /home/pirovaldes/Data/Documents/apps/MobiDICK_05_ML507/src/include/ipbus/udp_build_status.vhd sub00/vhpl25 1433374632
AR hamming_encoder_32bit hamm32 /home/pirovaldes/Data/Documents/apps/MobiDICK_05_ML507/src/hamm32.vhdl sub01/vhpl103 1433374662
AR udp_packet_parser v3 /home/pirovaldes/Data/Documents/apps/MobiDICK_05_ML507/src/include/ipbus/udp_packet_parser.vhd sub00/vhpl33 1433374640
AR udp_dualportram_tx v3 /home/pirovaldes/Data/Documents/apps/MobiDICK_05_ML507/src/include/ipbus/udp_dualportram_tx.vhd sub00/vhpl45 1433374652
AR reset_manager a /home/pirovaldes/Data/Documents/apps/MobiDICK_05_ML507/src/reset_manager.vhd sub00/vhpl87 1433374704
PH emac_hostbus_decl NULL /home/pirovaldes/Data/Documents/apps/MobiDICK_05_ML507/src/include/ethernet/emac_hostbus_decl.vhd sub00/vhpl88 1433374693
PB ipbus_addr_decode ipbus_addr_decode /home/pirovaldes/Data/Documents/apps/MobiDICK_05_ML507/src/ipbus_addr_decode.vhd sub00/vhpl03 1433374610
EN udp_txtransactor_if NULL /home/pirovaldes/Data/Documents/apps/MobiDICK_05_ML507/src/include/ipbus/udp_txtransactor_if_simple.vhd sub00/vhpl50 1433374657
EN stretcher NULL /home/pirovaldes/Data/Documents/apps/MobiDICK_05_ML507/src/include/ipbus/stretcher.vhd sub00/vhpl74 1433374685
EN udp_packet_parser NULL /home/pirovaldes/Data/Documents/apps/MobiDICK_05_ML507/src/include/ipbus/udp_packet_parser.vhd sub00/vhpl32 1433374639
PH ipbus NULL /home/pirovaldes/Data/Documents/apps/MobiDICK_05_ML507/src/include/ipbus/ipbus_package.vhd sub00/vhpl00 1433374607
EN udp_build_payload NULL /home/pirovaldes/Data/Documents/apps/MobiDICK_05_ML507/src/include/ipbus/udp_build_payload.vhd sub00/vhpl18 1433374625
EN mac_fifo NULL /home/pirovaldes/Data/Documents/apps/MobiDICK_05_ML507/src/ipcore/mac_fifo.vhd sub01/vhpl106 1433374696
EN transactor_cfg NULL /home/pirovaldes/Data/Documents/apps/MobiDICK_05_ML507/src/include/ipbus/transactor_cfg.vhd sub00/vhpl10 1433374617
EN eth_v5_gmii NULL /home/pirovaldes/Data/Documents/apps/MobiDICK_05_ML507/src/include/ethernet/eth_v5_gmii.vhd sub00/vhpl89 1433374705
EN transactor NULL /home/pirovaldes/Data/Documents/apps/MobiDICK_05_ML507/src/include/ipbus/transactor.vhd sub00/vhpl72 1433374683
AR clocks_v5_extphy rtl /home/pirovaldes/Data/Documents/apps/MobiDICK_05_ML507/src/include/clock/clocks_v5_extphy.vhd sub00/vhpl83 1433374700
EN clocks_v5_extphy NULL /home/pirovaldes/Data/Documents/apps/MobiDICK_05_ML507/src/include/clock/clocks_v5_extphy.vhd sub00/vhpl82 1433374699
AR udp_buffer_selector simple /home/pirovaldes/Data/Documents/apps/MobiDICK_05_ML507/src/include/ipbus/udp_buffer_selector.vhd sub00/vhpl39 1433374646
EN udp_clock_crossing_if NULL /home/pirovaldes/Data/Documents/apps/MobiDICK_05_ML507/src/include/ipbus/udp_clock_crossing_if.vhd sub00/vhpl52 1433374659
AR eth_v5_gmii rtl /home/pirovaldes/Data/Documents/apps/MobiDICK_05_ML507/src/include/ethernet/eth_v5_gmii.vhd sub00/vhpl90 1433374706
