V3 229
FL /home/pirovaldes/Data/Documents/apps/MobiDICK_05_ML507/src/addr_cmd.vhdl 2012/03/09.13:49:54 P.20131013
EN work/TTC_addressed_cmd 1433374691 \
      FL /home/pirovaldes/Data/Documents/apps/MobiDICK_05_ML507/src/addr_cmd.vhdl \
      PB ieee/std_logic_1164 1381692176
AR work/TTC_addressed_cmd/TTC_addr_cmd 1433374692 \
      FL /home/pirovaldes/Data/Documents/apps/MobiDICK_05_ML507/src/addr_cmd.vhdl \
      EN work/TTC_addressed_cmd 1433374691 CP Hamming_encoder_32bit
FL /home/pirovaldes/Data/Documents/apps/MobiDICK_05_ML507/src/brcst_cmd.vhdl 2012/03/09.13:50:50 P.20131013
EN work/TTC_broadcast_cmd 1433374689 \
      FL /home/pirovaldes/Data/Documents/apps/MobiDICK_05_ML507/src/brcst_cmd.vhdl \
      PB ieee/std_logic_1164 1381692176
AR work/TTC_broadcast_cmd/TTC_brcst_cmd 1433374690 \
      FL /home/pirovaldes/Data/Documents/apps/MobiDICK_05_ML507/src/brcst_cmd.vhdl \
      EN work/TTC_broadcast_cmd 1433374689 CP Hamming_encoder_8bit
FL /home/pirovaldes/Data/Documents/apps/MobiDICK_05_ML507/src/hamm32.vhdl 2012/03/09.13:49:42 P.20131013
EN work/Hamming_encoder_32bit 1433374661 \
      FL /home/pirovaldes/Data/Documents/apps/MobiDICK_05_ML507/src/hamm32.vhdl \
      PB ieee/std_logic_1164 1381692176
AR work/Hamming_encoder_32bit/Hamm32 1433374662 \
      FL /home/pirovaldes/Data/Documents/apps/MobiDICK_05_ML507/src/hamm32.vhdl \
      EN work/Hamming_encoder_32bit 1433374661
FL /home/pirovaldes/Data/Documents/apps/MobiDICK_05_ML507/src/hamm8.vhdl 2012/03/09.13:50:10 P.20131013
EN work/Hamming_encoder_8bit 1433374663 \
      FL /home/pirovaldes/Data/Documents/apps/MobiDICK_05_ML507/src/hamm8.vhdl \
      PB ieee/std_logic_1164 1381692176
AR work/Hamming_encoder_8bit/Hamm8 1433374664 \
      FL /home/pirovaldes/Data/Documents/apps/MobiDICK_05_ML507/src/hamm8.vhdl \
      EN work/Hamming_encoder_8bit 1433374663
FL /home/pirovaldes/Data/Documents/apps/MobiDICK_05_ML507/src/include/clock/clocks_v5_extphy.vhd 2015/02/16.12:11:34 P.20131013
EN work/clocks_v5_extphy 1433374699 \
      FL /home/pirovaldes/Data/Documents/apps/MobiDICK_05_ML507/src/include/clock/clocks_v5_extphy.vhd \
      PB ieee/std_logic_1164 1381692176 LB UNISIM PH unisim/VCOMPONENTS 1381692182
AR work/clocks_v5_extphy/rtl 1433374700 \
      FL /home/pirovaldes/Data/Documents/apps/MobiDICK_05_ML507/src/include/clock/clocks_v5_extphy.vhd \
      EN work/clocks_v5_extphy 1433374699 CP BUFG CP DCM_BASE CP work/clock_div
FL /home/pirovaldes/Data/Documents/apps/MobiDICK_05_ML507/src/include/clock/clock_div.vhd 2015/02/16.12:11:34 P.20131013
EN work/clock_div 1433374611 \
      FL /home/pirovaldes/Data/Documents/apps/MobiDICK_05_ML507/src/include/clock/clock_div.vhd \
      PB ieee/std_logic_1164 1381692176 PB ieee/STD_LOGIC_UNSIGNED 1381692179 \
      LB UNISIM PH unisim/VCOMPONENTS 1381692182
AR work/clock_div/rtl 1433374612 \
      FL /home/pirovaldes/Data/Documents/apps/MobiDICK_05_ML507/src/include/clock/clock_div.vhd \
      EN work/clock_div 1433374611 CP srl16
FL /home/pirovaldes/Data/Documents/apps/MobiDICK_05_ML507/src/include/clock/clock_pll.vhd 2015/05/18.17:16:00 P.20131013
EN work/clock_pll 1433374701 \
      FL /home/pirovaldes/Data/Documents/apps/MobiDICK_05_ML507/src/include/clock/clock_pll.vhd \
      PB ieee/std_logic_1164 1381692176 PB ieee/NUMERIC_STD 1381692181 LB UNISIM \
      PH unisim/VCOMPONENTS 1381692182
AR work/clock_pll/BEHAVIORAL 1433374702 \
      FL /home/pirovaldes/Data/Documents/apps/MobiDICK_05_ML507/src/include/clock/clock_pll.vhd \
      EN work/clock_pll 1433374701 CP BUFG CP PLL_ADV
FL /home/pirovaldes/Data/Documents/apps/MobiDICK_05_ML507/src/include/ethernet/emac_hostbus_decl.vhd 2015/02/16.12:11:36 P.20131013
PH work/emac_hostbus_decl 1433374693 \
      FL /home/pirovaldes/Data/Documents/apps/MobiDICK_05_ML507/src/include/ethernet/emac_hostbus_decl.vhd \
      PB ieee/std_logic_1164 1381692176
FL /home/pirovaldes/Data/Documents/apps/MobiDICK_05_ML507/src/include/ethernet/eth_v5_gmii.vhd 2015/02/16.12:11:36 P.20131013
EN work/eth_v5_gmii 1433374705 \
      FL /home/pirovaldes/Data/Documents/apps/MobiDICK_05_ML507/src/include/ethernet/eth_v5_gmii.vhd \
      PB ieee/std_logic_1164 1381692176 LB UNISIM PH unisim/VCOMPONENTS 1381692182 \
      PH work/emac_hostbus_decl 1433374693
AR work/eth_v5_gmii/rtl 1433374706 \
      FL /home/pirovaldes/Data/Documents/apps/MobiDICK_05_ML507/src/include/ethernet/eth_v5_gmii.vhd \
      EN work/eth_v5_gmii 1433374705 CP idelayctrl CP iodelay CP BUFG CP oddr \
      CP work/v5_emac_v1_8 CP mac_fifo
FL /home/pirovaldes/Data/Documents/apps/MobiDICK_05_ML507/src/include/ethernet/mac_arbiter_decl.vhd 2015/02/16.12:11:36 P.20131013
PH work/mac_arbiter_decl 1433374698 \
      FL /home/pirovaldes/Data/Documents/apps/MobiDICK_05_ML507/src/include/ethernet/mac_arbiter_decl.vhd \
      PB ieee/std_logic_1164 1381692176
FL /home/pirovaldes/Data/Documents/apps/MobiDICK_05_ML507/src/include/ethernet/v5_emac_v1_8.vhd 2015/02/16.12:11:36 P.20131013
EN work/v5_emac_v1_8 1433374694 \
      FL /home/pirovaldes/Data/Documents/apps/MobiDICK_05_ML507/src/include/ethernet/v5_emac_v1_8.vhd \
      LB UNISIM PH unisim/VCOMPONENTS 1381692182 PB ieee/std_logic_1164 1381692176
AR work/v5_emac_v1_8/WRAPPER 1433374695 \
      FL /home/pirovaldes/Data/Documents/apps/MobiDICK_05_ML507/src/include/ethernet/v5_emac_v1_8.vhd \
      EN work/v5_emac_v1_8 1433374694 CP TEMAC
FL /home/pirovaldes/Data/Documents/apps/MobiDICK_05_ML507/src/include/gtfx/gtxf.vhd 2013/06/13.17:37:36 P.20131013
EN work/GTXF 1433374709 \
      FL /home/pirovaldes/Data/Documents/apps/MobiDICK_05_ML507/src/include/gtfx/gtxf.vhd \
      PB ieee/std_logic_1164 1381692176 PB ieee/NUMERIC_STD 1381692181 LB UNISIM \
      PH unisim/VCOMPONENTS 1381692182
AR work/GTXF/RTL 1433374710 \
      FL /home/pirovaldes/Data/Documents/apps/MobiDICK_05_ML507/src/include/gtfx/gtxf.vhd \
      EN work/GTXF 1433374709 CP GTXF_TILE
FL /home/pirovaldes/Data/Documents/apps/MobiDICK_05_ML507/src/include/gtfx/gtxf_tile.vhd 2013/06/13.17:37:34 P.20131013
EN work/GTXF_TILE 1433374687 \
      FL /home/pirovaldes/Data/Documents/apps/MobiDICK_05_ML507/src/include/gtfx/gtxf_tile.vhd \
      PB ieee/std_logic_1164 1381692176 PB ieee/NUMERIC_STD 1381692181 LB UNISIM \
      PH unisim/VCOMPONENTS 1381692182
AR work/GTXF_TILE/RTL 1433374688 \
      FL /home/pirovaldes/Data/Documents/apps/MobiDICK_05_ML507/src/include/gtfx/gtxf_tile.vhd \
      EN work/GTXF_TILE 1433374687 CP GTX_DUAL
FL /home/pirovaldes/Data/Documents/apps/MobiDICK_05_ML507/src/include/ipbus/ipbus_ctrl.vhd 2015/02/19.11:55:09 P.20131013
EN work/ipbus_ctrl 1433374711 \
      FL /home/pirovaldes/Data/Documents/apps/MobiDICK_05_ML507/src/include/ipbus/ipbus_ctrl.vhd \
      PB ieee/std_logic_1164 1381692176 PH work/ipbus 1433374607 \
      PH work/ipbus_trans_decl 1433374608
AR work/ipbus_ctrl/rtl 1433374712 \
      FL /home/pirovaldes/Data/Documents/apps/MobiDICK_05_ML507/src/include/ipbus/ipbus_ctrl.vhd \
      EN work/ipbus_ctrl 1433374711 CP work/udp_if CP work/trans_arb \
      CP work/transactor CP work/stretcher
FL /home/pirovaldes/Data/Documents/apps/MobiDICK_05_ML507/src/include/ipbus/ipbus_fabric.vhd 2015/02/16.12:11:35 P.20131013
EN work/ipbus_fabric 1433374665 \
      FL /home/pirovaldes/Data/Documents/apps/MobiDICK_05_ML507/src/include/ipbus/ipbus_fabric.vhd \
      PB ieee/std_logic_1164 1381692176 PH work/ipbus 1433374607 \
      PB work/ipbus_addr_decode 1433374610
AR work/ipbus_fabric/rtl 1433374666 \
      FL /home/pirovaldes/Data/Documents/apps/MobiDICK_05_ML507/src/include/ipbus/ipbus_fabric.vhd \
      EN work/ipbus_fabric 1433374665
FL /home/pirovaldes/Data/Documents/apps/MobiDICK_05_ML507/src/include/ipbus/ipbus_package.vhd 2015/02/16.12:11:35 P.20131013
PH work/ipbus 1433374607 \
      FL /home/pirovaldes/Data/Documents/apps/MobiDICK_05_ML507/src/include/ipbus/ipbus_package.vhd \
      PB ieee/std_logic_1164 1381692176
FL /home/pirovaldes/Data/Documents/apps/MobiDICK_05_ML507/src/include/ipbus/ipbus_trans_decl.vhd 2015/02/16.12:11:35 P.20131013
PH work/ipbus_trans_decl 1433374608 \
      FL /home/pirovaldes/Data/Documents/apps/MobiDICK_05_ML507/src/include/ipbus/ipbus_trans_decl.vhd \
      PB ieee/std_logic_1164 1381692176
FL /home/pirovaldes/Data/Documents/apps/MobiDICK_05_ML507/src/include/ipbus/stretcher.vhd 2015/02/16.12:11:35 P.20131013
EN work/stretcher 1433374685 \
      FL /home/pirovaldes/Data/Documents/apps/MobiDICK_05_ML507/src/include/ipbus/stretcher.vhd \
      PB ieee/std_logic_1164 1381692176
AR work/stretcher/rtl 1433374686 \
      FL /home/pirovaldes/Data/Documents/apps/MobiDICK_05_ML507/src/include/ipbus/stretcher.vhd \
      EN work/stretcher 1433374685 CP work/clock_div
FL /home/pirovaldes/Data/Documents/apps/MobiDICK_05_ML507/src/include/ipbus/transactor.vhd 2015/02/16.12:11:35 P.20131013
EN work/transactor 1433374683 \
      FL /home/pirovaldes/Data/Documents/apps/MobiDICK_05_ML507/src/include/ipbus/transactor.vhd \
      PB ieee/std_logic_1164 1381692176 PB ieee/NUMERIC_STD 1381692181 \
      PH work/ipbus 1433374607 PH work/ipbus_trans_decl 1433374608
AR work/transactor/rtl 1433374684 \
      FL /home/pirovaldes/Data/Documents/apps/MobiDICK_05_ML507/src/include/ipbus/transactor.vhd \
      EN work/transactor 1433374683 CP work/transactor_if CP work/transactor_sm \
      CP work/transactor_cfg
FL /home/pirovaldes/Data/Documents/apps/MobiDICK_05_ML507/src/include/ipbus/transactor_cfg.vhd 2015/02/16.12:11:35 P.20131013
EN work/transactor_cfg 1433374617 \
      FL /home/pirovaldes/Data/Documents/apps/MobiDICK_05_ML507/src/include/ipbus/transactor_cfg.vhd \
      PB ieee/std_logic_1164 1381692176 PB ieee/NUMERIC_STD 1381692181
AR work/transactor_cfg/rtl 1433374618 \
      FL /home/pirovaldes/Data/Documents/apps/MobiDICK_05_ML507/src/include/ipbus/transactor_cfg.vhd \
      EN work/transactor_cfg 1433374617
FL /home/pirovaldes/Data/Documents/apps/MobiDICK_05_ML507/src/include/ipbus/transactor_if.vhd 2015/02/16.12:11:35 P.20131013
EN work/transactor_if 1433374613 \
      FL /home/pirovaldes/Data/Documents/apps/MobiDICK_05_ML507/src/include/ipbus/transactor_if.vhd \
      PB ieee/std_logic_1164 1381692176 PB ieee/NUMERIC_STD 1381692181 \
      PH work/ipbus_trans_decl 1433374608
AR work/transactor_if/rtl 1433374614 \
      FL /home/pirovaldes/Data/Documents/apps/MobiDICK_05_ML507/src/include/ipbus/transactor_if.vhd \
      EN work/transactor_if 1433374613
FL /home/pirovaldes/Data/Documents/apps/MobiDICK_05_ML507/src/include/ipbus/transactor_sm.vhd 2015/02/16.12:11:35 P.20131013
EN work/transactor_sm 1433374615 \
      FL /home/pirovaldes/Data/Documents/apps/MobiDICK_05_ML507/src/include/ipbus/transactor_sm.vhd \
      PB ieee/std_logic_1164 1381692176 PB ieee/NUMERIC_STD 1381692181 \
      PH work/ipbus 1433374607
AR work/transactor_sm/rtl 1433374616 \
      FL /home/pirovaldes/Data/Documents/apps/MobiDICK_05_ML507/src/include/ipbus/transactor_sm.vhd \
      EN work/transactor_sm 1433374615
FL /home/pirovaldes/Data/Documents/apps/MobiDICK_05_ML507/src/include/ipbus/trans_arb.vhd 2015/02/16.12:11:35 P.20131013
EN work/trans_arb 1433374681 \
      FL /home/pirovaldes/Data/Documents/apps/MobiDICK_05_ML507/src/include/ipbus/trans_arb.vhd \
      PB ieee/std_logic_1164 1381692176 PB ieee/NUMERIC_STD 1381692181 \
      PH work/ipbus_trans_decl 1433374608
AR work/trans_arb/rtl 1433374682 \
      FL /home/pirovaldes/Data/Documents/apps/MobiDICK_05_ML507/src/include/ipbus/trans_arb.vhd \
      EN work/trans_arb 1433374681
FL /home/pirovaldes/Data/Documents/apps/MobiDICK_05_ML507/src/include/ipbus/udp_buffer_selector.vhd 2015/02/16.12:11:35 P.20131013
EN work/udp_buffer_selector 1433374645 \
      FL /home/pirovaldes/Data/Documents/apps/MobiDICK_05_ML507/src/include/ipbus/udp_buffer_selector.vhd \
      PB ieee/std_logic_1164 1381692176 PB ieee/NUMERIC_STD 1381692181
AR work/udp_buffer_selector/simple 1433374646 \
      FL /home/pirovaldes/Data/Documents/apps/MobiDICK_05_ML507/src/include/ipbus/udp_buffer_selector.vhd \
      EN work/udp_buffer_selector 1433374645
FL /home/pirovaldes/Data/Documents/apps/MobiDICK_05_ML507/src/include/ipbus/udp_build_arp.vhd 2015/02/16.12:11:35 P.20131013
EN work/udp_build_arp 1433374623 \
      FL /home/pirovaldes/Data/Documents/apps/MobiDICK_05_ML507/src/include/ipbus/udp_build_arp.vhd \
      PB ieee/std_logic_1164 1381692176 PB ieee/NUMERIC_STD 1381692181
AR work/udp_build_arp/rtl 1433374624 \
      FL /home/pirovaldes/Data/Documents/apps/MobiDICK_05_ML507/src/include/ipbus/udp_build_arp.vhd \
      EN work/udp_build_arp 1433374623
FL /home/pirovaldes/Data/Documents/apps/MobiDICK_05_ML507/src/include/ipbus/udp_build_payload.vhd 2015/02/16.12:11:35 P.20131013
EN work/udp_build_payload 1433374625 \
      FL /home/pirovaldes/Data/Documents/apps/MobiDICK_05_ML507/src/include/ipbus/udp_build_payload.vhd \
      PB ieee/std_logic_1164 1381692176 PB ieee/NUMERIC_STD 1381692181
AR work/udp_build_payload/rtl 1433374626 \
      FL /home/pirovaldes/Data/Documents/apps/MobiDICK_05_ML507/src/include/ipbus/udp_build_payload.vhd \
      EN work/udp_build_payload 1433374625
FL /home/pirovaldes/Data/Documents/apps/MobiDICK_05_ML507/src/include/ipbus/udp_build_ping.vhd 2015/02/16.12:11:35 P.20131013
EN work/udp_build_ping 1433374627 \
      FL /home/pirovaldes/Data/Documents/apps/MobiDICK_05_ML507/src/include/ipbus/udp_build_ping.vhd \
      PB ieee/std_logic_1164 1381692176 PB ieee/NUMERIC_STD 1381692181
AR work/udp_build_ping/rtl 1433374628 \
      FL /home/pirovaldes/Data/Documents/apps/MobiDICK_05_ML507/src/include/ipbus/udp_build_ping.vhd \
      EN work/udp_build_ping 1433374627
FL /home/pirovaldes/Data/Documents/apps/MobiDICK_05_ML507/src/include/ipbus/udp_build_resend.vhd 2015/02/16.12:11:35 P.20131013
EN work/udp_build_resend 1433374629 \
      FL /home/pirovaldes/Data/Documents/apps/MobiDICK_05_ML507/src/include/ipbus/udp_build_resend.vhd \
      PB ieee/std_logic_1164 1381692176 PB ieee/NUMERIC_STD 1381692181
AR work/udp_build_resend/rtl 1433374630 \
      FL /home/pirovaldes/Data/Documents/apps/MobiDICK_05_ML507/src/include/ipbus/udp_build_resend.vhd \
      EN work/udp_build_resend 1433374629
FL /home/pirovaldes/Data/Documents/apps/MobiDICK_05_ML507/src/include/ipbus/udp_build_status.vhd 2015/02/16.12:11:35 P.20131013
EN work/udp_build_status 1433374631 \
      FL /home/pirovaldes/Data/Documents/apps/MobiDICK_05_ML507/src/include/ipbus/udp_build_status.vhd \
      PB ieee/std_logic_1164 1381692176 PB ieee/NUMERIC_STD 1381692181
AR work/udp_build_status/rtl 1433374632 \
      FL /home/pirovaldes/Data/Documents/apps/MobiDICK_05_ML507/src/include/ipbus/udp_build_status.vhd \
      EN work/udp_build_status 1433374631
FL /home/pirovaldes/Data/Documents/apps/MobiDICK_05_ML507/src/include/ipbus/udp_byte_sum.vhd 2015/02/16.12:11:35 P.20131013
EN work/udp_byte_sum 1433374635 \
      FL /home/pirovaldes/Data/Documents/apps/MobiDICK_05_ML507/src/include/ipbus/udp_byte_sum.vhd \
      PB ieee/std_logic_1164 1381692176 PB ieee/NUMERIC_STD 1381692181
AR work/udp_byte_sum/rtl 1433374636 \
      FL /home/pirovaldes/Data/Documents/apps/MobiDICK_05_ML507/src/include/ipbus/udp_byte_sum.vhd \
      EN work/udp_byte_sum 1433374635
FL /home/pirovaldes/Data/Documents/apps/MobiDICK_05_ML507/src/include/ipbus/udp_clock_crossing_if.vhd 2015/02/16.12:11:35 P.20131013
EN work/udp_clock_crossing_if 1433374659 \
      FL /home/pirovaldes/Data/Documents/apps/MobiDICK_05_ML507/src/include/ipbus/udp_clock_crossing_if.vhd \
      PB ieee/std_logic_1164 1381692176 PB ieee/NUMERIC_STD 1381692181
AR work/udp_clock_crossing_if/rtl 1433374660 \
      FL /home/pirovaldes/Data/Documents/apps/MobiDICK_05_ML507/src/include/ipbus/udp_clock_crossing_if.vhd \
      EN work/udp_clock_crossing_if 1433374659
FL /home/pirovaldes/Data/Documents/apps/MobiDICK_05_ML507/src/include/ipbus/udp_do_rx_reset.vhd 2015/02/16.12:11:35 P.20131013
EN work/udp_do_rx_reset 1433374637 \
      FL /home/pirovaldes/Data/Documents/apps/MobiDICK_05_ML507/src/include/ipbus/udp_do_rx_reset.vhd \
      PB ieee/std_logic_1164 1381692176 PB ieee/NUMERIC_STD 1381692181
AR work/udp_do_rx_reset/rtl 1433374638 \
      FL /home/pirovaldes/Data/Documents/apps/MobiDICK_05_ML507/src/include/ipbus/udp_do_rx_reset.vhd \
      EN work/udp_do_rx_reset 1433374637
FL /home/pirovaldes/Data/Documents/apps/MobiDICK_05_ML507/src/include/ipbus/udp_dualportram.vhd 2015/02/16.12:11:35 P.20131013
EN work/udp_DualPortRAM 1433374643 \
      FL /home/pirovaldes/Data/Documents/apps/MobiDICK_05_ML507/src/include/ipbus/udp_dualportram.vhd \
      PB ieee/std_logic_1164 1381692176 PB ieee/NUMERIC_STD 1381692181
AR work/udp_DualPortRAM/initial 1433374644 \
      FL /home/pirovaldes/Data/Documents/apps/MobiDICK_05_ML507/src/include/ipbus/udp_dualportram.vhd \
      EN work/udp_DualPortRAM 1433374643
FL /home/pirovaldes/Data/Documents/apps/MobiDICK_05_ML507/src/include/ipbus/udp_dualportram_rx.vhd 2015/02/16.12:11:35 P.20131013
EN work/udp_DualPortRAM_rx 1433374649 \
      FL /home/pirovaldes/Data/Documents/apps/MobiDICK_05_ML507/src/include/ipbus/udp_dualportram_rx.vhd \
      PB ieee/std_logic_1164 1381692176 PB ieee/NUMERIC_STD 1381692181
AR work/udp_DualPortRAM_rx/striped 1433374650 \
      FL /home/pirovaldes/Data/Documents/apps/MobiDICK_05_ML507/src/include/ipbus/udp_dualportram_rx.vhd \
      EN work/udp_DualPortRAM_rx 1433374649
FL /home/pirovaldes/Data/Documents/apps/MobiDICK_05_ML507/src/include/ipbus/udp_dualportram_tx.vhd 2015/02/16.12:11:35 P.20131013
EN work/udp_DualPortRAM_tx 1433374651 \
      FL /home/pirovaldes/Data/Documents/apps/MobiDICK_05_ML507/src/include/ipbus/udp_dualportram_tx.vhd \
      PB ieee/std_logic_1164 1381692176 PB ieee/NUMERIC_STD 1381692181
AR work/udp_DualPortRAM_tx/v3 1433374652 \
      FL /home/pirovaldes/Data/Documents/apps/MobiDICK_05_ML507/src/include/ipbus/udp_dualportram_tx.vhd \
      EN work/udp_DualPortRAM_tx 1433374651
FL /home/pirovaldes/Data/Documents/apps/MobiDICK_05_ML507/src/include/ipbus/udp_if_flat.vhd 2015/06/03.22:42:18 P.20131013
EN work/UDP_if 1433374679 \
      FL /home/pirovaldes/Data/Documents/apps/MobiDICK_05_ML507/src/include/ipbus/udp_if_flat.vhd \
      PB ieee/std_logic_1164 1381692176 PB ieee/NUMERIC_STD 1381692181
AR work/UDP_if/flat 1433374680 \
      FL /home/pirovaldes/Data/Documents/apps/MobiDICK_05_ML507/src/include/ipbus/udp_if_flat.vhd \
      EN work/UDP_if 1433374679 CP work/udp_ipaddr_block CP work/udp_rarp_block \
      CP work/udp_build_arp CP work/udp_build_payload CP work/udp_build_ping \
      CP work/udp_build_resend CP work/udp_build_status CP work/udp_status_buffer \
      CP work/udp_byte_sum CP work/udp_do_rx_reset CP work/udp_packet_parser \
      CP work/udp_rxram_mux CP work/udp_DualPortRAM CP work/udp_buffer_selector \
      CP work/udp_rxram_shim CP work/udp_DualPortRAM_rx CP work/udp_DualPortRAM_tx \
      CP work/udp_rxtransactor_if CP work/udp_tx_mux CP work/udp_txtransactor_if \
      CP work/udp_clock_crossing_if
FL /home/pirovaldes/Data/Documents/apps/MobiDICK_05_ML507/src/include/ipbus/udp_ipaddr_block.vhd 2015/02/16.12:11:35 P.20131013
EN work/udp_ipaddr_block 1433374619 \
      FL /home/pirovaldes/Data/Documents/apps/MobiDICK_05_ML507/src/include/ipbus/udp_ipaddr_block.vhd \
      PB ieee/std_logic_1164 1381692176 PB ieee/NUMERIC_STD 1381692181
AR work/udp_ipaddr_block/rtl 1433374620 \
      FL /home/pirovaldes/Data/Documents/apps/MobiDICK_05_ML507/src/include/ipbus/udp_ipaddr_block.vhd \
      EN work/udp_ipaddr_block 1433374619
FL /home/pirovaldes/Data/Documents/apps/MobiDICK_05_ML507/src/include/ipbus/udp_packet_parser.vhd 2015/02/16.12:11:35 P.20131013
EN work/udp_packet_parser 1433374639 \
      FL /home/pirovaldes/Data/Documents/apps/MobiDICK_05_ML507/src/include/ipbus/udp_packet_parser.vhd \
      PB ieee/std_logic_1164 1381692176
AR work/udp_packet_parser/v3 1433374640 \
      FL /home/pirovaldes/Data/Documents/apps/MobiDICK_05_ML507/src/include/ipbus/udp_packet_parser.vhd \
      EN work/udp_packet_parser 1433374639
FL /home/pirovaldes/Data/Documents/apps/MobiDICK_05_ML507/src/include/ipbus/udp_rarp_block.vhd 2015/02/16.12:11:35 P.20131013
EN work/udp_rarp_block 1433374621 \
      FL /home/pirovaldes/Data/Documents/apps/MobiDICK_05_ML507/src/include/ipbus/udp_rarp_block.vhd \
      PB ieee/std_logic_1164 1381692176 PB ieee/NUMERIC_STD 1381692181
AR work/udp_rarp_block/rtl 1433374622 \
      FL /home/pirovaldes/Data/Documents/apps/MobiDICK_05_ML507/src/include/ipbus/udp_rarp_block.vhd \
      EN work/udp_rarp_block 1433374621
FL /home/pirovaldes/Data/Documents/apps/MobiDICK_05_ML507/src/include/ipbus/udp_rxram_mux.vhd 2015/02/16.12:11:35 P.20131013
EN work/udp_rxram_mux 1433374641 \
      FL /home/pirovaldes/Data/Documents/apps/MobiDICK_05_ML507/src/include/ipbus/udp_rxram_mux.vhd \
      PB ieee/std_logic_1164 1381692176 PB ieee/NUMERIC_STD 1381692181
AR work/udp_rxram_mux/rtl 1433374642 \
      FL /home/pirovaldes/Data/Documents/apps/MobiDICK_05_ML507/src/include/ipbus/udp_rxram_mux.vhd \
      EN work/udp_rxram_mux 1433374641
FL /home/pirovaldes/Data/Documents/apps/MobiDICK_05_ML507/src/include/ipbus/udp_rxram_shim.vhd 2015/02/16.12:11:35 P.20131013
EN work/udp_rxram_shim 1433374647 \
      FL /home/pirovaldes/Data/Documents/apps/MobiDICK_05_ML507/src/include/ipbus/udp_rxram_shim.vhd \
      PB ieee/std_logic_1164 1381692176 PB ieee/NUMERIC_STD 1381692181
AR work/udp_rxram_shim/simple 1433374648 \
      FL /home/pirovaldes/Data/Documents/apps/MobiDICK_05_ML507/src/include/ipbus/udp_rxram_shim.vhd \
      EN work/udp_rxram_shim 1433374647
FL /home/pirovaldes/Data/Documents/apps/MobiDICK_05_ML507/src/include/ipbus/udp_rxtransactor_if_simple.vhd 2015/02/16.12:11:35 P.20131013
EN work/udp_rxtransactor_if 1433374653 \
      FL /home/pirovaldes/Data/Documents/apps/MobiDICK_05_ML507/src/include/ipbus/udp_rxtransactor_if_simple.vhd \
      PB ieee/std_logic_1164 1381692176 PB ieee/NUMERIC_STD 1381692181
AR work/udp_rxtransactor_if/simple 1433374654 \
      FL /home/pirovaldes/Data/Documents/apps/MobiDICK_05_ML507/src/include/ipbus/udp_rxtransactor_if_simple.vhd \
      EN work/udp_rxtransactor_if 1433374653
FL /home/pirovaldes/Data/Documents/apps/MobiDICK_05_ML507/src/include/ipbus/udp_status_buffer.vhd 2015/02/16.12:11:35 P.20131013
EN work/udp_status_buffer 1433374633 \
      FL /home/pirovaldes/Data/Documents/apps/MobiDICK_05_ML507/src/include/ipbus/udp_status_buffer.vhd \
      PB ieee/std_logic_1164 1381692176 PB ieee/NUMERIC_STD 1381692181
AR work/udp_status_buffer/rtl 1433374634 \
      FL /home/pirovaldes/Data/Documents/apps/MobiDICK_05_ML507/src/include/ipbus/udp_status_buffer.vhd \
      EN work/udp_status_buffer 1433374633
FL /home/pirovaldes/Data/Documents/apps/MobiDICK_05_ML507/src/include/ipbus/udp_txtransactor_if_simple.vhd 2015/02/16.12:11:35 P.20131013
EN work/udp_txtransactor_if 1433374657 \
      FL /home/pirovaldes/Data/Documents/apps/MobiDICK_05_ML507/src/include/ipbus/udp_txtransactor_if_simple.vhd \
      PB ieee/std_logic_1164 1381692176 PB ieee/NUMERIC_STD 1381692181
AR work/udp_txtransactor_if/simple 1433374658 \
      FL /home/pirovaldes/Data/Documents/apps/MobiDICK_05_ML507/src/include/ipbus/udp_txtransactor_if_simple.vhd \
      EN work/udp_txtransactor_if 1433374657
FL /home/pirovaldes/Data/Documents/apps/MobiDICK_05_ML507/src/include/ipbus/udp_tx_mux.vhd 2015/02/16.12:11:35 P.20131013
EN work/udp_tx_mux 1433374655 \
      FL /home/pirovaldes/Data/Documents/apps/MobiDICK_05_ML507/src/include/ipbus/udp_tx_mux.vhd \
      PB ieee/std_logic_1164 1381692176 PB ieee/NUMERIC_STD 1381692181
AR work/udp_tx_mux/rtl 1433374656 \
      FL /home/pirovaldes/Data/Documents/apps/MobiDICK_05_ML507/src/include/ipbus/udp_tx_mux.vhd \
      EN work/udp_tx_mux 1433374655
FL /home/pirovaldes/Data/Documents/apps/MobiDICK_05_ML507/src/include/ipbus_mobidick_reg.vhd 2015/06/04.01:35:20 P.20131013
EN work/ipbus_mobidick_reg 1433374667 \
      FL /home/pirovaldes/Data/Documents/apps/MobiDICK_05_ML507/src/include/ipbus_mobidick_reg.vhd \
      PB ieee/std_logic_1164 1381692176 PB ieee/NUMERIC_STD 1381692181 \
      PH work/ipbus 1433374607
AR work/ipbus_mobidick_reg/rtl 1433374668 \
      FL /home/pirovaldes/Data/Documents/apps/MobiDICK_05_ML507/src/include/ipbus_mobidick_reg.vhd \
      EN work/ipbus_mobidick_reg 1433374667
FL /home/pirovaldes/Data/Documents/apps/MobiDICK_05_ML507/src/include/slaves/ipbus_ctrlreg.vhd 2015/02/16.12:11:35 P.20131013
EN work/ipbus_ctrlreg 1433374671 \
      FL /home/pirovaldes/Data/Documents/apps/MobiDICK_05_ML507/src/include/slaves/ipbus_ctrlreg.vhd \
      PB ieee/std_logic_1164 1381692176 PB ieee/NUMERIC_STD 1381692181 \
      PH work/ipbus 1433374607
AR work/ipbus_ctrlreg/rtl 1433374672 \
      FL /home/pirovaldes/Data/Documents/apps/MobiDICK_05_ML507/src/include/slaves/ipbus_ctrlreg.vhd \
      EN work/ipbus_ctrlreg 1433374671
FL /home/pirovaldes/Data/Documents/apps/MobiDICK_05_ML507/src/include/slaves/ipbus_peephole_ram.vhd 2015/02/16.12:11:35 P.20131013
EN work/ipbus_peephole_ram 1433374677 \
      FL /home/pirovaldes/Data/Documents/apps/MobiDICK_05_ML507/src/include/slaves/ipbus_peephole_ram.vhd \
      PB ieee/std_logic_1164 1381692176 PB ieee/NUMERIC_STD 1381692181 \
      PH work/ipbus 1433374607
AR work/ipbus_peephole_ram/rtl 1433374678 \
      FL /home/pirovaldes/Data/Documents/apps/MobiDICK_05_ML507/src/include/slaves/ipbus_peephole_ram.vhd \
      EN work/ipbus_peephole_ram 1433374677
FL /home/pirovaldes/Data/Documents/apps/MobiDICK_05_ML507/src/include/slaves/ipbus_pkt_ctr.vhd 2015/02/16.12:11:35 P.20131013
EN work/ipbus_pkt_ctr 1433374673 \
      FL /home/pirovaldes/Data/Documents/apps/MobiDICK_05_ML507/src/include/slaves/ipbus_pkt_ctr.vhd \
      PB ieee/std_logic_1164 1381692176 PB ieee/NUMERIC_STD 1381692181 \
      PH work/ipbus 1433374607
AR work/ipbus_pkt_ctr/rtl 1433374674 \
      FL /home/pirovaldes/Data/Documents/apps/MobiDICK_05_ML507/src/include/slaves/ipbus_pkt_ctr.vhd \
      EN work/ipbus_pkt_ctr 1433374673
FL /home/pirovaldes/Data/Documents/apps/MobiDICK_05_ML507/src/include/slaves/ipbus_ram.vhd 2015/02/16.12:11:35 P.20131013
EN work/ipbus_ram 1433374675 \
      FL /home/pirovaldes/Data/Documents/apps/MobiDICK_05_ML507/src/include/slaves/ipbus_ram.vhd \
      PB ieee/std_logic_1164 1381692176 PB ieee/NUMERIC_STD 1381692181 \
      PH work/ipbus 1433374607
AR work/ipbus_ram/rtl 1433374676 \
      FL /home/pirovaldes/Data/Documents/apps/MobiDICK_05_ML507/src/include/slaves/ipbus_ram.vhd \
      EN work/ipbus_ram 1433374675
FL /home/pirovaldes/Data/Documents/apps/MobiDICK_05_ML507/src/include/slaves/ipbus_reg.vhd 2015/02/16.12:11:35 P.20131013
EN work/ipbus_reg 1433374669 \
      FL /home/pirovaldes/Data/Documents/apps/MobiDICK_05_ML507/src/include/slaves/ipbus_reg.vhd \
      PB ieee/std_logic_1164 1381692176 PB ieee/NUMERIC_STD 1381692181 \
      PH work/ipbus 1433374607
AR work/ipbus_reg/rtl 1433374670 \
      FL /home/pirovaldes/Data/Documents/apps/MobiDICK_05_ML507/src/include/slaves/ipbus_reg.vhd \
      EN work/ipbus_reg 1433374669
FL /home/pirovaldes/Data/Documents/apps/MobiDICK_05_ML507/src/ipbus_addr_decode.vhd 2015/02/16.12:11:34 P.20131013
PH work/ipbus_addr_decode 1433374609 \
      FL /home/pirovaldes/Data/Documents/apps/MobiDICK_05_ML507/src/ipbus_addr_decode.vhd \
      PB ieee/std_logic_1164 1381692176 PB ieee/NUMERIC_STD 1381692181 \
      PH work/ipbus 1433374607
PB work/ipbus_addr_decode 1433374610 \
      FL /home/pirovaldes/Data/Documents/apps/MobiDICK_05_ML507/src/ipbus_addr_decode.vhd \
      PH work/ipbus_addr_decode 1433374609
FL /home/pirovaldes/Data/Documents/apps/MobiDICK_05_ML507/src/ipcore/mac_fifo.vhd 2015/06/03.22:16:45 P.20131013
EN work/mac_fifo 1433374696 \
      FL /home/pirovaldes/Data/Documents/apps/MobiDICK_05_ML507/src/ipcore/mac_fifo.vhd \
      PB ieee/std_logic_1164 1381692176
AR work/mac_fifo/mac_fifo_a 1433374697 \
      FL /home/pirovaldes/Data/Documents/apps/MobiDICK_05_ML507/src/ipcore/mac_fifo.vhd \
      EN work/mac_fifo 1433374696
FL /home/pirovaldes/Data/Documents/apps/MobiDICK_05_ML507/src/reset_manager.vhd 2012/03/08.17:00:16 P.20131013
EN work/Reset_Manager 1433374703 \
      FL /home/pirovaldes/Data/Documents/apps/MobiDICK_05_ML507/src/reset_manager.vhd \
      PB ieee/std_logic_1164 1381692176 PB ieee/std_logic_arith 1381692177
AR work/Reset_Manager/a 1433374704 \
      FL /home/pirovaldes/Data/Documents/apps/MobiDICK_05_ML507/src/reset_manager.vhd \
      EN work/Reset_Manager 1433374703
FL /home/pirovaldes/Data/Documents/apps/MobiDICK_05_ML507/src/slaves.vhd 2015/06/04.01:36:26 P.20131013
EN work/slaves 1433374713 \
      FL /home/pirovaldes/Data/Documents/apps/MobiDICK_05_ML507/src/slaves.vhd \
      PB ieee/std_logic_1164 1381692176 PH work/ipbus 1433374607
AR work/slaves/rtl 1433374714 \
      FL /home/pirovaldes/Data/Documents/apps/MobiDICK_05_ML507/src/slaves.vhd \
      EN work/slaves 1433374713 CP work/ipbus_fabric CP work/ipbus_mobidick_reg \
      CP work/ipbus_reg CP work/ipbus_ctrlreg CP work/ipbus_pkt_ctr \
      CP work/ipbus_ram CP work/ipbus_peephole_ram
FL /home/pirovaldes/Data/Documents/apps/MobiDICK_05_ML507/src/top_ml507.vhd 2015/05/20.11:19:53 P.20131013
EN work/top 1433374715 \
      FL /home/pirovaldes/Data/Documents/apps/MobiDICK_05_ML507/src/top_ml507.vhd \
      LB UNISIM PH unisim/VCOMPONENTS 1381692182 PB ieee/std_logic_1164 1381692176 \
      PB ieee/NUMERIC_STD 1381692181 PH work/ipbus 1433374607 \
      PH work/mac_arbiter_decl 1433374698
AR work/top/rtl 1433374716 \
      FL /home/pirovaldes/Data/Documents/apps/MobiDICK_05_ML507/src/top_ml507.vhd \
      EN work/top 1433374715 CP work/clocks_v5_extphy CP work/clock_pll \
      CP work/reset_manager CP work/eth_v5_gmii CP work/TTC CP work/GTXF CP BUFR \
      CP work/ipbus_ctrl CP work/slaves
FL /home/pirovaldes/Data/Documents/apps/MobiDICK_05_ML507/src/ttc.vhd 2015/05/18.14:59:49 P.20131013
EN work/TTC 1433374707 \
      FL /home/pirovaldes/Data/Documents/apps/MobiDICK_05_ML507/src/ttc.vhd \
      PB ieee/std_logic_1164 1381692176
AR work/TTC/TTC_design 1433374708 \
      FL /home/pirovaldes/Data/Documents/apps/MobiDICK_05_ML507/src/ttc.vhd \
      EN work/TTC 1433374707 CP Ttc_broadcast_cmd CP Ttc_addressed_cmd
